cd app && swift build --product Boop && swift build --product BoopSignal
[0/1] Planning build
Building for debugging...
[0/4] Write swift-version--1AB21518FC5DEDBE.txt
[2/6] Compiling Boop BoopMain.swift
[3/6] Emitting module Boop
[3/6] Write Objects.LinkFileList
[4/6] Linking Boop
[5/6] Applying Boop
Build of product 'Boop' complete! (3.95s)
Building for debugging...
[0/6] Write BoopSignal-entitlement.plist
[0/6] Write sources
[2/6] Write swift-version--1AB21518FC5DEDBE.txt
[4/8] Compiling BoopSignal SignalCLI.swift
[5/8] Emitting module BoopSignal
[5/8] Write Objects.LinkFileList
[6/8] Linking BoopSignal
[7/8] Applying BoopSignal
Build of product 'BoopSignal' complete! (0.75s)
