BOOT_TRACE 0 <<REBOOT ok>>
ESP-ROM:esp32s3-20210327
Build:Mar 27 2021
rst:0xc (RTC_SW_CPU_RST),boot:0x8 (SPI_FAST_FLASH_BOOT)
Saved PC:0x4037f44e
SPIWP:0xee
mode:DIO, clock div:1
load:0x3fce2820,len:0x10cc
load:0x403c8700,len:0xc2c
load:0x403cb700,len:0x30c0
entry 0x403c88b8
E (248) esp_core_dump_flash: No core dump partition found!
E (248) esp_core_dump_flash: No core dump partition found!
[hal] FT3168 online
[   579][E][esp32-hal-i2c-ng.c:275] i2cWrite(): i2c_master_transmit failed: [259] ESP_ERR_INVALID_STATE
[hal] QMI8658 online at 0x6B
[ble] advertising as 'Buddy-61C9'
<<PONG {"usbOnly":false,"contract":2,"board":"ws-amoled164","fw":"dev+6182f51882a7","git":"6182f51882a7","up":875,"heap":199512,"heapMin":199512,"heapBig":159732,"reset":"sw","panics":103,"early":0,"safe":0,"frameUs":2767,"frameMaxUs":22139}>>
<<PONG {"usbOnly":false,"contract":2,"board":"ws-amoled164","fw":"dev+6182f51882a7","git":"6182f51882a7","up":878,"heap":199512,"heapMin":199512,"heapBig":159732,"reset":"sw","panics":103,"early":0,"safe":0,"frameUs":2767,"frameMaxUs":22139}>>

{"cycle": 0, "confirmed": {"usbOnly": false, "contract": 2, "board": "ws-amoled164", "fw": "dev+6182f51882a7", "git": "6182f51882a7", "up": 878, "heap": 199512, "heapMin": 199512, "heapBig": 159732, "reset": "sw", "panics": 103, "early": 0, "safe": 0, "frameUs": 2767, "frameMaxUs": 22139}}
BOOT_TRACE 1 {"cmd":"battery","pct":100,"charging":true}
<<REBOOT ok>>ESP-ROM:esp32s3-20210327
Build:Mar 27 2021
rst:0xc (RTC_SW_CPU_RST),boot:0x8 (SPI_FAST_FLASH_BOOT)
Saved PC:0x4037f44e
SPIWP:0xee
mode:DIO, clock div:1
load:0x3fce2820,len:0x10cc
load:0x403c8700,len:0xc2c
load:0x403cb700,len:0x30c0
entry 0x403c88b8
E (248) esp_core_dump_flash: No core dump partition found!
E (248) esp_core_dump_flash: No core dump partition found!
[hal] FT3168 online
[   579][E][esp32-hal-i2c-ng.c:275] i2cWrite(): i2c_master_transmit failed: [259] ESP_ERR_INVALID_STATE
[hal] QMI8658 online at 0x6B
[ble] advertising as 'Buddy-61C9'
<<PONG {"usbOnly":false,"contract":2,"board":"ws-amoled164","fw":"dev+6182f51882a7","git":"6182f51882a7","up":876,"heap":199512,"heapMin":199512,"heapBig":159732,"reset":"sw","panics":103,"early":0,"safe":0,"frameUs":2767,"frameMaxUs":22140}>>
<<PONG {"usbOnly":false,"contract":2,"board":"ws-amoled164","fw":"dev+6182f51882a7","git":"6182f51882a7","up":879,"heap":199512,"heapMin":199512,"heapBig":159732,"reset":"sw","panics":103,"early":0,"safe":0,"frameUs":2767,"frameMaxUs":22140}>>

{"cycle": 1, "confirmed": {"usbOnly": false, "contract": 2, "board": "ws-amoled164", "fw": "dev+6182f51882a7", "git": "6182f51882a7", "up": 879, "heap": 199512, "heapMin": 199512, "heapBig": 159732, "reset": "sw", "panics": 103, "early": 0, "safe": 0, "frameUs": 2767, "frameMaxUs": 22140}}
BOOT_TRACE 2 {"cmd":"battery","pct":100,"charging":true}
<<REBOOT ok>>
ESP-ROM:esp32s3-20210327
Build:Mar 27 2021
rst:0xc (RTC_SW_CPU_RST),boot:0x8 (SPI_FAST_FLASH_BOOT)
Saved PC:0x4037f44e
SPIWP:0xee
mode:DIO, clock div:1
load:0x3fce2820,len:0x10cc
load:0x403c8700,len:0xc2c
load:0x403cb700,len:0x30c0
entry 0x403c88b8
E (248) esp_core_dump_flash: No core dump partition found!
E (248) esp_core_dump_flash: No core dump partition found!
[hal] FT3168 online
[   579][E][esp32-hal-i2c-ng.c:275] i2cWrite(): i2c_master_transmit failed: [259] ESP_ERR_INVALID_STATE
[hal] QMI8658 online at 0x6B
[ble] advertising as 'Buddy-61C9'
<<PONG {"usbOnly":false,"contract":2,"board":"ws-amoled164","fw":"dev+6182f51882a7","git":"6182f51882a7","up":876,"heap":199512,"heapMin":199512,"heapBig":159732,"reset":"sw","panics":103,"early":0,"safe":0,"frameUs":2767,"frameMaxUs":22139}>>
<<PONG {"usbOnly":false,"contract":2,"board":"ws-amoled164","fw":"dev+6182f51882a7","git":"6182f51882a7","up":879,"heap":199512,"heapMin":199512,"heapBig":159732,"reset":"sw","panics":103,"early":0,"safe":0,"frameUs":2767,"frameMaxUs":22139}>>

{"cycle": 2, "confirmed": {"usbOnly": false, "contract": 2, "board": "ws-amoled164", "fw": "dev+6182f51882a7", "git": "6182f51882a7", "up": 879, "heap": 199512, "heapMin": 199512, "heapBig": 159732, "reset": "sw", "panics": 103, "early": 0, "safe": 0, "frameUs": 2767, "frameMaxUs": 22139}}
{"final": {"usbOnly": false, "contract": 2, "board": "ws-amoled164", "fw": "dev+6182f51882a7", "git": "6182f51882a7", "up": 15898, "heap": 199212, "heapMin": 199212, "heapBig": 155636, "reset": "sw", "panics": 103, "early": 0, "safe": 0, "frameUs": 22185, "frameMaxUs": 22205}}
